
> tanstack_start_ts@0.0.0 build
> vite build

node.exe : Error: Conflicting configuration paths were found for the following 
routes: "/", "/".
At C:\Program Files\nodejs\npm.ps1:29 char:3
+   & $NODE_EXE $NPM_CLI_JS $args
+   ~~~~~~~~~~~~~~~~~~~~~~~~~~~~~
    + CategoryInfo          : NotSpecified: (Error: Conflict...utes: "/", "/". 
   :String) [], RemoteException
    + FullyQualifiedErrorId : NativeCommandError
 
Please ensure each Route has a unique full path.
Conflicting files: 
 C:\Users\91813\Documents\GodsPlan\csgo.mocktest\src\routes\__offline.tsx
 C:\Users\91813\Documents\GodsPlan\csgo.mocktest\src\routes\index.tsx

    at file:///C:/Users/91813/Documents/GodsPlan/csgo.mocktest/node_modules/@ta
nstack/router-generator/dist/esm/generator.js:127:13
    at async generate (file:///C:/Users/91813/Documents/GodsPlan/csgo.mocktest/
node_modules/@tanstack/router-plugin/dist/esm/core/router-generator-plugin.js:3
9:4)
    at async BasicMinimalPluginContext.configResolved (file:///C:/Users/91813/D
ocuments/GodsPlan/csgo.mocktest/node_modules/@tanstack/router-plugin/dist/esm/c
ore/router-generator-plugin.js:56:4)
    at async Promise.all (index 3)
    at async resolveConfig (file:///C:/Users/91813/Documents/GodsPlan/csgo.mock
test/node_modules/vite/dist/node/chunks/config.js:35702:2)
    at async createBuilder (file:///C:/Users/91813/Documents/GodsPlan/csgo.mock
test/node_modules/vite/dist/node/chunks/config.js:33895:19)
    at async CAC.<anonymous> (file:///C:/Users/91813/Documents/GodsPlan/csgo.mo
cktest/node_modules/vite/dist/node/cli.js:629:10)
Error: Conflicting configuration paths were found for the following routes: 
"/", "/".
Please ensure each Route has a unique full path.
Conflicting files: 
 C:\Users\91813\Documents\GodsPlan\csgo.mocktest\src\routes\__offline.tsx
 C:\Users\91813\Documents\GodsPlan\csgo.mocktest\src\routes\index.tsx

    at file:///C:/Users/91813/Documents/GodsPlan/csgo.mocktest/node_modules/@ta
nstack/router-generator/dist/esm/generator.js:127:13
    at async generate (file:///C:/Users/91813/Documents/GodsPlan/csgo.mocktest/
node_modules/@tanstack/router-plugin/dist/esm/core/router-generator-plugin.js:3
9:4)
    at async BasicMinimalPluginContext.configResolved (file:///C:/Users/91813/D
ocuments/GodsPlan/csgo.mocktest/node_modules/@tanstack/router-plugin/dist/esm/c
ore/router-generator-plugin.js:56:4)
    at async Promise.all (index 3)
    at async resolveConfig (file:///C:/Users/91813/Documents/GodsPlan/csgo.mock
test/node_modules/vite/dist/node/chunks/config.js:35702:2)
    at async createBuilder (file:///C:/Users/91813/Documents/GodsPlan/csgo.mock
test/node_modules/vite/dist/node/chunks/config.js:33952:25)
    at async CAC.<anonymous> (file:///C:/Users/91813/Documents/GodsPlan/csgo.mo
cktest/node_modules/vite/dist/node/cli.js:629:10)
Error: Conflicting configuration paths were found for the following routes: 
"/", "/".
Please ensure each Route has a unique full path.
Conflicting files: 
 C:\Users\91813\Documents\GodsPlan\csgo.mocktest\src\routes\__offline.tsx
 C:\Users\91813\Documents\GodsPlan\csgo.mocktest\src\routes\index.tsx

    at file:///C:/Users/91813/Documents/GodsPlan/csgo.mocktest/node_modules/@ta
nstack/router-generator/dist/esm/generator.js:127:13
    at async generate (file:///C:/Users/91813/Documents/GodsPlan/csgo.mocktest/
node_modules/@tanstack/router-plugin/dist/esm/core/router-generator-plugin.js:3
9:4)
    at async BasicMinimalPluginContext.configResolved (file:///C:/Users/91813/D
ocuments/GodsPlan/csgo.mocktest/node_modules/@tanstack/router-plugin/dist/esm/c
ore/router-generator-plugin.js:56:4)
    at async Promise.all (index 3)
    at async resolveConfig (file:///C:/Users/91813/Documents/GodsPlan/csgo.mock
test/node_modules/vite/dist/node/chunks/config.js:35702:2)
    at async createBuilder (file:///C:/Users/91813/Documents/GodsPlan/csgo.mock
test/node_modules/vite/dist/node/chunks/config.js:33952:25)
    at async CAC.<anonymous> (file:///C:/Users/91813/Documents/GodsPlan/csgo.mo
cktest/node_modules/vite/dist/node/cli.js:629:10)
[36mvite v7.3.3 [32mbuilding client environment for production...[36m[39m
transforming...
[32mΓ£ô[39m 120 modules transformed.
[31mΓ£ù[39m Build failed in 1.37s
[31merror during build:
[31m[vite-plugin-pwa:build] [plugin vite-plugin-pwa:build] There was an error 
during the build:
  Could not load 
C:/Users/91813/Documents/GodsPlan/csgo.mocktest/src/routeTree.gen.ts (imported 
by src/router.tsx): Conflicting configuration paths were found for the 
following routes: "/", "/".
Please ensure each Route has a unique full path.
Conflicting files: 
 C:\Users\91813\Documents\GodsPlan\csgo.mocktest\src\routes\__offline.tsx
 C:\Users\91813\Documents\GodsPlan\csgo.mocktest\src\routes\index.tsx

Additionally, handling the error in the 'buildEnd' hook caused the following 
error:
  Could not load 
C:/Users/91813/Documents/GodsPlan/csgo.mocktest/src/routeTree.gen.ts (imported 
by src/router.tsx): Conflicting configuration paths were found for the 
following routes: "/", "/".
Please ensure each Route has a unique full path.
Conflicting files: 
 C:\Users\91813\Documents\GodsPlan\csgo.mocktest\src\routes\__offline.tsx
 C:\Users\91813\Documents\GodsPlan\csgo.mocktest\src\routes\index.tsx
[31m
    at getRollupError (file:///C:/Users/91813/Documents/GodsPlan/csgo.mocktest/
node_modules/rollup/dist/es/shared/parseAst.js:406:41)
    at file:///C:/Users/91813/Documents/GodsPlan/csgo.mocktest/node_modules/rol
lup/dist/es/shared/node-entry.js:23883:39
    at async catchUnfinishedHookActions (file:///C:/Users/91813/Documents/GodsP
lan/csgo.mocktest/node_modules/rollup/dist/es/shared/node-entry.js:23341:16)
    at async rollupInternal (file:///C:/Users/91813/Documents/GodsPlan/csgo.moc
ktest/node_modules/rollup/dist/es/shared/node-entry.js:23866:5)
    at async buildEnvironment (file:///C:/Users/91813/Documents/GodsPlan/csgo.m
ocktest/node_modules/vite/dist/node/chunks/config.js:33561:12)
    at async Object.build (file:///C:/Users/91813/Documents/GodsPlan/csgo.mockt
est/node_modules/vite/dist/node/chunks/config.js:33920:19)
    at async buildStartViteEnvironments (file:///C:/Users/91813/Documents/GodsP
lan/csgo.mocktest/node_modules/@tanstack/start-plugin-core/dist/esm/vite/planni
ng.js:94:23)
    at async Object.buildApp (file:///C:/Users/91813/Documents/GodsPlan/csgo.mo
cktest/node_modules/@tanstack/start-plugin-core/dist/esm/vite/plugin.js:111:8)
    at async Object.buildApp (file:///C:/Users/91813/Documents/GodsPlan/csgo.mo
cktest/node_modules/vite/dist/node/chunks/config.js:33912:6)
    at async CAC.<anonymous> (file:///C:/Users/91813/Documents/GodsPlan/csgo.mo
cktest/node_modules/vite/dist/node/cli.js:629:3)[39m
